%!Adobe-FontList 1.20
%Locale:0x429

%BeginFont
Handler:DirectoryHandler
FontType:TrueType
FontName:Anjoman-Bold
FamilyName:Anjoman
StyleName:Bold
FullName:Anjoman Bold
MenuName:Anjoman Bold
StyleBits:2
FamilyNameNative:Anjoman
StyleNameNative:Bold
FullNameNative:Anjoman Bold
WritingScript:Arabic
OutlineFileName:C:\xampp\htdocs\projects\Jibres-catalog1\src\Document fonts\Anjoman-Bold.ttf
DataFormat:sfntData
hasSVG:no
VariableFontType:NonVariableFont
FileLength:91372
FileModTime:1559296700
WeightClass:700
WidthClass:5
AngleClass:0
NameArray:0,Mac,4,Anjoman Bold
NameArray:0,Win,1,Anjoman Bold
NameArray:0,Win,16,Anjoman
%EndFont

%BeginFont
Handler:DirectoryHandler
FontType:TrueType
FontName:dana-bold
FamilyName:dana
StyleName:bold
FullName:dana bold
MenuName:dana
StyleBits:2
FamilyNameNative:dana
StyleNameNative:bold
FullNameNative:dana bold
WritingScript:Arabic
OutlineFileName:C:\xampp\htdocs\projects\Jibres-catalog1\src\Document fonts\dana-bold.ttf
DataFormat:sfntData
hasSVG:no
VariableFontType:NonVariableFont
FileLength:44180
FileModTime:1562861934
WeightClass:700
WidthClass:5
AngleClass:0
NameArray:0,Mac,4,dana bold
NameArray:0,Win,1,dana
%EndFont

%BeginFont
Handler:DirectoryHandler
FontType:TrueType
FontName:dana-fanum-medium
FamilyName:dana-fanum
StyleName:medium
FullName:dana-fanum medium
MenuName:dana-fanum medium
StyleBits:0
FamilyNameNative:dana-fanum
StyleNameNative:medium
FullNameNative:dana-fanum medium
WritingScript:Arabic
OutlineFileName:C:\xampp\htdocs\projects\Jibres-catalog1\src\Document fonts\dana-fanum-medium.ttf
DataFormat:sfntData
hasSVG:no
VariableFontType:NonVariableFont
FileLength:43240
FileModTime:1562861934
WeightClass:500
WidthClass:5
AngleClass:0
NameArray:0,Mac,4,dana-fanum medium
NameArray:0,Win,1,dana-fanum medium
NameArray:0,Win,16,dana-fanum
%EndFont

%BeginFont
Handler:DirectoryHandler
FontType:TrueType
FontName:dana-regular
FamilyName:dana
StyleName:regular
FullName:dana regular
MenuName:dana
StyleBits:0
FamilyNameNative:dana
StyleNameNative:regular
FullNameNative:dana regular
WritingScript:Arabic
OutlineFileName:C:\xampp\htdocs\projects\Jibres-catalog1\src\Document fonts\dana-regular.ttf
DataFormat:sfntData
hasSVG:no
VariableFontType:NonVariableFont
FileLength:44764
FileModTime:1562861934
WeightClass:400
WidthClass:5
AngleClass:0
NameArray:0,Mac,4,dana regular
NameArray:0,Win,1,dana
%EndFont

%BeginFont
Handler:DirectoryHandler
FontType:TrueType
FontName:IRANSans
FamilyName:IRANSans
StyleName:Regular
FullName:IRANSans
MenuName:IRANSans
StyleBits:0
FamilyNameNative:IRANSans
StyleNameNative:Regular
FullNameNative:IRANSans Regular
WritingScript:Arabic
OutlineFileName:C:\xampp\htdocs\projects\Jibres-catalog1\src\Document fonts\IRANSans.ttf
DataFormat:sfntData
hasSVG:no
VariableFontType:NonVariableFont
FileLength:104296
FileModTime:1557450416
WeightClass:400
WidthClass:5
AngleClass:0
NameArray:0,Win,1,IRANSans
%EndFont

%BeginFont
Handler:DirectoryHandler
FontType:TrueType
FontName:IRANSans-Black
FamilyName:IRANSans
StyleName:Black
FullName:IRANSans Black
MenuName:IRANSans Black
StyleBits:0
FamilyNameNative:IRANSans
StyleNameNative:Black
FullNameNative:IRANSans Black
WritingScript:Arabic
OutlineFileName:C:\xampp\htdocs\projects\Jibres-catalog1\src\Document fonts\IRANSans_Black.ttf
DataFormat:sfntData
hasSVG:no
VariableFontType:NonVariableFont
FileLength:98216
FileModTime:1557450416
WeightClass:900
WidthClass:5
AngleClass:0
NameArray:0,Win,1,IRANSans Black
NameArray:0,Win,16,IRANSans
%EndFont

%BeginFont
Handler:DirectoryHandler
FontType:TrueType
FontName:IRANYekan-Black
FamilyName:IRANYekan
StyleName:Black
FullName:IRANYekan Black
MenuName:IRANYekan Black
StyleBits:0
FamilyNameNative:IRANYekan
StyleNameNative:Black
FullNameNative:IRANYekan Black
WritingScript:Arabic
OutlineFileName:C:\xampp\htdocs\projects\Jibres-catalog1\src\Document fonts\IRANYekanBlack.ttf
DataFormat:sfntData
hasSVG:no
VariableFontType:NonVariableFont
FileLength:58580
FileModTime:1559296698
WeightClass:900
WidthClass:5
AngleClass:0
NameArray:0,Win,1,IRANYekan Black
NameArray:0,Win,16,IRANYekan
%EndFont

%BeginFont
Handler:DirectoryHandler
FontType:TrueType
FontName:IRANYekan-ExtraBlack
FamilyName:IRANYekan
StyleName:ExtraBlack
FullName:IRANYekan ExtraBlack
MenuName:IRANYekan ExtraBlack
StyleBits:0
FamilyNameNative:IRANYekan
StyleNameNative:ExtraBlack
FullNameNative:IRANYekan ExtraBlack
WritingScript:Arabic
OutlineFileName:C:\xampp\htdocs\projects\Jibres-catalog1\src\Document fonts\IRANYekanExtraBlack.ttf
DataFormat:sfntData
hasSVG:no
VariableFontType:NonVariableFont
FileLength:60264
FileModTime:1559296698
WeightClass:950
WidthClass:5
AngleClass:0
NameArray:0,Win,1,IRANYekan ExtraBlack
NameArray:0,Win,16,IRANYekan
%EndFont

%BeginFont
Handler:DirectoryHandler
FontType:TrueType
FontName:IRANYekan-ExtraBold
FamilyName:IRANYekan
StyleName:ExtraBold
FullName:IRANYekan ExtraBold
MenuName:IRANYekan ExtraBold
StyleBits:0
FamilyNameNative:IRANYekan
StyleNameNative:ExtraBold
FullNameNative:IRANYekan ExtraBold
WritingScript:Arabic
OutlineFileName:C:\xampp\htdocs\projects\Jibres-catalog1\src\Document fonts\IRANYekanExtraBold.ttf
DataFormat:sfntData
hasSVG:no
VariableFontType:NonVariableFont
FileLength:59084
FileModTime:1559296698
WeightClass:800
WidthClass:5
AngleClass:0
NameArray:0,Win,1,IRANYekan ExtraBold
NameArray:0,Win,16,IRANYekan
%EndFont

%BeginFont
Handler:DirectoryHandler
FontType:TrueType
FontName:IRANYekan-Light
FamilyName:IRANYekan
StyleName:Light
FullName:IRANYekan Light
MenuName:IRANYekan Light
StyleBits:0
FamilyNameNative:IRANYekan
StyleNameNative:Light
FullNameNative:IRANYekan Light
WritingScript:Arabic
OutlineFileName:C:\xampp\htdocs\projects\Jibres-catalog1\src\Document fonts\IRANYekanLight.ttf
DataFormat:sfntData
hasSVG:no
VariableFontType:NonVariableFont
FileLength:60524
FileModTime:1562875767
WeightClass:300
WidthClass:5
AngleClass:0
NameArray:0,Win,1,IRANYekan Light
NameArray:0,Win,16,IRANYekan
%EndFont

%BeginFont
Handler:DirectoryHandler
FontType:TrueType
FontName:IRANYekan
FamilyName:IRANYekan
StyleName:Regular
FullName:IRANYekan
MenuName:IRANYekan
StyleBits:0
FamilyNameNative:IRANYekan
StyleNameNative:Regular
FullNameNative:IRANYekan Regular
WritingScript:Arabic
OutlineFileName:C:\xampp\htdocs\projects\Jibres-catalog1\src\Document fonts\IRANYekanRegular.ttf
DataFormat:sfntData
hasSVG:no
VariableFontType:NonVariableFont
FileLength:59452
FileModTime:1559296700
WeightClass:400
WidthClass:5
AngleClass:0
NameArray:0,Win,1,IRANYekan
%EndFont

%BeginFont
Handler:DirectoryHandler
FontType:TrueType
FontName:IRANYekanFN
FamilyName:IRANYekanFN
StyleName:Regular
FullName:IRANYekanFN
MenuName:IRANYekanFN
StyleBits:0
FamilyNameNative:IRANYekanFN
StyleNameNative:Regular
FullNameNative:IRANYekanFN Regular
WritingScript:Arabic
OutlineFileName:C:\xampp\htdocs\projects\Jibres-catalog1\src\Document fonts\IRANYekanRegularFaNum.ttf
DataFormat:sfntData
hasSVG:no
VariableFontType:NonVariableFont
FileLength:60264
FileModTime:1561733608
WeightClass:400
WidthClass:5
AngleClass:0
NameArray:0,Win,1,IRANYekanFN
%EndFont

%BeginFont
Handler:DirectoryHandler
FontType:TrueType
FontName:IRANYekan-Thin
FamilyName:IRANYekan
StyleName:Thin
FullName:IRANYekan Thin
MenuName:IRANYekan Thin
StyleBits:0
FamilyNameNative:IRANYekan
StyleNameNative:Thin
FullNameNative:IRANYekan Thin
WritingScript:Arabic
OutlineFileName:C:\xampp\htdocs\projects\Jibres-catalog1\src\Document fonts\IRANYekanThin.ttf
DataFormat:sfntData
hasSVG:no
VariableFontType:NonVariableFont
FileLength:62616
FileModTime:1562875730
WeightClass:100
WidthClass:5
AngleClass:0
NameArray:0,Win,1,IRANYekan Thin
NameArray:0,Win,16,IRANYekan
%EndFont

