%!Adobe-FontList 1.20
%Locale:0x429

%BeginFont
Handler:DirectoryHandler
FontType:TrueType
FontName:dana-black
FamilyName:dana
StyleName:black
FullName:dana black
MenuName:dana black
StyleBits:0
FamilyNameNative:dana
StyleNameNative:black
FullNameNative:dana black
WritingScript:Arabic
OutlineFileName:C:\xampp\htdocs\projects\Jibres-catalog1\src\Document fonts\dana-black.ttf
DataFormat:sfntData
hasSVG:no
VariableFontType:NonVariableFont
FileLength:42748
FileModTime:1562861934
WeightClass:900
WidthClass:5
AngleClass:0
NameArray:0,Mac,4,dana black
NameArray:0,Win,1,dana black
NameArray:0,Win,16,dana
%EndFont

%BeginFont
Handler:DirectoryHandler
FontType:TrueType
FontName:dana-fanum-regular
FamilyName:dana-fanum
StyleName:regular
FullName:dana-fanum regular
MenuName:dana-fanum
StyleBits:0
FamilyNameNative:dana-fanum
StyleNameNative:regular
FullNameNative:dana-fanum regular
WritingScript:Arabic
OutlineFileName:C:\xampp\htdocs\projects\Jibres-catalog1\src\Document fonts\dana-fanum-regular.ttf
DataFormat:sfntData
hasSVG:no
VariableFontType:NonVariableFont
FileLength:43412
FileModTime:1562861934
WeightClass:400
WidthClass:5
AngleClass:0
NameArray:0,Mac,4,dana-fanum regular
NameArray:0,Win,1,dana-fanum
%EndFont

%BeginFont
Handler:DirectoryHandler
FontType:TrueType
FontName:dana-regular
FamilyName:dana
StyleName:regular
FullName:dana regular
MenuName:dana
StyleBits:0
FamilyNameNative:dana
StyleNameNative:regular
FullNameNative:dana regular
WritingScript:Arabic
OutlineFileName:C:\xampp\htdocs\projects\Jibres-catalog1\src\Document fonts\dana-regular.ttf
DataFormat:sfntData
hasSVG:no
VariableFontType:NonVariableFont
FileLength:44764
FileModTime:1562861934
WeightClass:400
WidthClass:5
AngleClass:0
NameArray:0,Mac,4,dana regular
NameArray:0,Win,1,dana
%EndFont

%BeginFont
Handler:DirectoryHandler
FontType:TrueType
FontName:IRANSans-Black
FamilyName:IRANSans
StyleName:Black
FullName:IRANSans Black
MenuName:IRANSans Black
StyleBits:0
FamilyNameNative:IRANSans
StyleNameNative:Black
FullNameNative:IRANSans Black
WritingScript:Arabic
OutlineFileName:C:\xampp\htdocs\projects\Jibres-catalog1\src\Document fonts\IRANSans_Black.ttf
DataFormat:sfntData
hasSVG:no
VariableFontType:NonVariableFont
FileLength:98216
FileModTime:1557450416
WeightClass:900
WidthClass:5
AngleClass:0
NameArray:0,Win,1,IRANSans Black
NameArray:0,Win,16,IRANSans
%EndFont

