%!Adobe-FontList 1.14
%Locale:0x429

%BeginFont
Handler:DirectoryHandler
FontType:Type1
FontName:AdobeArabic-Regular
FamilyName:Adobe Arabic
StyleName:Regular
FullName:Adobe Arabic Regular
MenuName:Adobe Arabic
StyleBits:0
FamilyNameNative:
StyleNameNative:Regular
FullNameNative:
WritingScript:Arabic
OutlineFileName:I:\جیب رس\send Folder\Document fonts\AdobeArabic-Regular.otf
DataFormat:sfntData
UsesStandardEncoding:yes
isCFF:yes
FileLength:300140
FileModTime:1329297734
WeightClass:400
WidthClass:5
AngleClass:0
%EndFont

%BeginFont
Handler:DirectoryHandler
FontType:TrueType
FontName:Anjoman-Bold
FamilyName:Anjoman
StyleName:Bold
FullName:Anjoman Bold
MenuName:Anjoman Bold
StyleBits:2
FamilyNameNative:
StyleNameNative:Bold
FullNameNative:
WritingScript:Arabic
OutlineFileName:I:\جیب رس\send Folder\Document fonts\Anjoman-Bold.ttf
DataFormat:sfntData
FileLength:91372
FileModTime:1559296700
WeightClass:700
WidthClass:5
AngleClass:0
%EndFont

%BeginFont
Handler:DirectoryHandler
FontType:TrueType
FontName:ArialRoundedMTBold
FamilyName:Arial Rounded MT Bold
StyleName:Regular
FullName:Arial Rounded MT Bold
MenuName:Arial Rounded MT Bold
StyleBits:0
WritingScript:Roman
OutlineFileName:I:\جیب رس\send Folder\Document fonts\ARLRDBD.TTF
DataFormat:sfntData
FileLength:45260
FileModTime:1438210672
WeightClass:400
WidthClass:5
AngleClass:0
%EndFont

%BeginFont
Handler:DirectoryHandler
FontType:TrueType
FontName:AGAvantGardeCyrBook
FamilyName:AGAvantGardeCyr
StyleName:Book
FullName:AGAvantGardeCyr Book
MenuName:AGAvantGardeCyr
StyleBits:0
FamilyNameNative:
StyleNameNative:Book
FullNameNative:
WritingScript:Cyrillic
OutlineFileName:I:\جیب رس\send Folder\Document fonts\Avantgarde.TTF
DataFormat:sfntData
FileLength:35906
FileModTime:1022038248
WeightClass:400
WidthClass:5
AngleClass:0
%EndFont

%BeginFont
Handler:DirectoryHandler
FontType:TrueType
FontName:BTitrBold
FamilyName:B Titr
StyleName:Bold
FullName:B Titr Bold
MenuName:B Titr
StyleBits:2
FamilyNameNative:
StyleNameNative:Bold
FullNameNative:
WritingScript:Arabic
OutlineFileName:I:\جیب رس\send Folder\Document fonts\BTitrBold.ttf
DataFormat:sfntData
FileLength:58072
FileModTime:1315564168
WeightClass:700
WidthClass:5
AngleClass:0
%EndFont

%BeginFont
Handler:DirectoryHandler
FontType:TrueType
FontName:FranklinGothic-DemiCond
FamilyName:Franklin Gothic Demi Cond
StyleName:Regular
FullName:Franklin Gothic Demi Cond
MenuName:Franklin Gothic Demi Cond
StyleBits:0
WritingScript:Roman
OutlineFileName:I:\جیب رس\send Folder\Document fonts\FRADMCN.TTF
DataFormat:sfntData
FileLength:116940
FileModTime:1438210674
WeightClass:400
WidthClass:3
AngleClass:0
%EndFont

%BeginFont
Handler:DirectoryHandler
FontType:TrueType
FontName:IRANSans
FamilyName:IRANSans
StyleName:Regular
FullName:IRANSans
MenuName:IRANSans
StyleBits:0
FamilyNameNative:
StyleNameNative:Regular
FullNameNative:
WritingScript:Arabic
OutlineFileName:I:\جیب رس\send Folder\Document fonts\IRANSans.ttf
DataFormat:sfntData
FileLength:104296
FileModTime:1557450416
WeightClass:400
WidthClass:5
AngleClass:0
%EndFont

%BeginFont
Handler:DirectoryHandler
FontType:TrueType
FontName:IRANSans-Black
FamilyName:IRANSans
StyleName:Black
FullName:IRANSans Black
MenuName:IRANSans Black
StyleBits:0
FamilyNameNative:
StyleNameNative:Black
FullNameNative:
WritingScript:Arabic
OutlineFileName:I:\جیب رس\send Folder\Document fonts\IRANSans_Black.ttf
DataFormat:sfntData
FileLength:98216
FileModTime:1557450416
WeightClass:900
WidthClass:5
AngleClass:0
%EndFont

%BeginFont
Handler:DirectoryHandler
FontType:TrueType
FontName:IRANSans-Bold
FamilyName:IRANSans
StyleName:Bold
FullName:IRANSans Bold
MenuName:IRANSans
StyleBits:2
FamilyNameNative:
StyleNameNative:Bold
FullNameNative:
WritingScript:Arabic
OutlineFileName:I:\جیب رس\send Folder\Document fonts\IRANSans_Bold.ttf
DataFormat:sfntData
FileLength:100628
FileModTime:1557450416
WeightClass:700
WidthClass:5
AngleClass:0
%EndFont

%BeginFont
Handler:DirectoryHandler
FontType:TrueType
FontName:IRANYekan-Black
FamilyName:IRANYekan
StyleName:Black
FullName:IRANYekan Black
MenuName:IRANYekan Black
StyleBits:0
FamilyNameNative:
StyleNameNative:Black
FullNameNative:
WritingScript:Arabic
OutlineFileName:I:\جیب رس\send Folder\Document fonts\IRANYekanBlack.ttf
DataFormat:sfntData
FileLength:58580
FileModTime:1559296698
WeightClass:900
WidthClass:5
AngleClass:0
%EndFont

%BeginFont
Handler:DirectoryHandler
FontType:TrueType
FontName:IRANYekan-ExtraBlack
FamilyName:IRANYekan
StyleName:ExtraBlack
FullName:IRANYekan ExtraBlack
MenuName:IRANYekan ExtraBlack
StyleBits:0
FamilyNameNative:
StyleNameNative:ExtraBlack
FullNameNative:
WritingScript:Arabic
OutlineFileName:I:\جیب رس\send Folder\Document fonts\IRANYekanExtraBlack.ttf
DataFormat:sfntData
FileLength:60264
FileModTime:1559296698
WeightClass:950
WidthClass:5
AngleClass:0
%EndFont

%BeginFont
Handler:DirectoryHandler
FontType:TrueType
FontName:IRANYekan-ExtraBold
FamilyName:IRANYekan
StyleName:ExtraBold
FullName:IRANYekan ExtraBold
MenuName:IRANYekan ExtraBold
StyleBits:0
FamilyNameNative:
StyleNameNative:ExtraBold
FullNameNative:
WritingScript:Arabic
OutlineFileName:I:\جیب رس\send Folder\Document fonts\IRANYekanExtraBold.ttf
DataFormat:sfntData
FileLength:59084
FileModTime:1559296698
WeightClass:800
WidthClass:5
AngleClass:0
%EndFont

%BeginFont
Handler:DirectoryHandler
FontType:TrueType
FontName:IRANYekan-Light
FamilyName:IRANYekan
StyleName:Light
FullName:IRANYekan Light
MenuName:IRANYekan Light
StyleBits:0
FamilyNameNative:
StyleNameNative:Light
FullNameNative:
WritingScript:Arabic
OutlineFileName:I:\جیب رس\send Folder\Document fonts\IRANYekanLight.ttf
DataFormat:sfntData
FileLength:60524
FileModTime:1559296698
WeightClass:300
WidthClass:5
AngleClass:0
%EndFont

%BeginFont
Handler:DirectoryHandler
FontType:TrueType
FontName:IRANYekan
FamilyName:IRANYekan
StyleName:Regular
FullName:IRANYekan
MenuName:IRANYekan
StyleBits:0
FamilyNameNative:
StyleNameNative:Regular
FullNameNative:
WritingScript:Arabic
OutlineFileName:I:\جیب رس\send Folder\Document fonts\IRANYekanRegular.ttf
DataFormat:sfntData
FileLength:59452
FileModTime:1559296700
WeightClass:400
WidthClass:5
AngleClass:0
%EndFont

%BeginFont
Handler:DirectoryHandler
FontType:TrueType
FontName:IRANYekanFN
FamilyName:IRANYekanFN
StyleName:Regular
FullName:IRANYekanFN
MenuName:IRANYekanFN
StyleBits:0
FamilyNameNative:
StyleNameNative:Regular
FullNameNative:
WritingScript:Arabic
OutlineFileName:I:\جیب رس\send Folder\Document fonts\IRANYekanRegularFaNum.ttf
DataFormat:sfntData
FileLength:60264
FileModTime:1561733608
WeightClass:400
WidthClass:5
AngleClass:0
%EndFont

%BeginFont
Handler:DirectoryHandler
FontType:TrueType
FontName:IRANYekan-Thin
FamilyName:IRANYekan
StyleName:Thin
FullName:IRANYekan Thin
MenuName:IRANYekan Thin
StyleBits:0
FamilyNameNative:
StyleNameNative:Thin
FullNameNative:
WritingScript:Arabic
OutlineFileName:I:\جیب رس\send Folder\Document fonts\IRANYekanThin.ttf
DataFormat:sfntData
FileLength:62616
FileModTime:1559296698
WeightClass:100
WidthClass:5
AngleClass:0
%EndFont

